Microchip MPLAB XC8 Compiler V2.45

Linker command line:

-W-3 \
  --edf=C:\Program Files\Microchip\xc8\v2.45\pic\dat\20230818022343_en.msgs \
  -cn -h+dist/default/debug\canwin.X.debug.sym \
  --cmf=dist/default/debug\canwin.X.debug.cmf -z -Q18F45K22 \
  -oC:\Users\sam09\AppData\Local\Temp\xcAs2f4.\driver_tmp_3.o \
  --defsym=__MPLAB_BUILD=1 --fixupoverflow=error \
  -Mdist/default/debug/canwin.X.debug.map \
  --md=C:\Users\sam09\AppData\Local\Temp\xcAs2f4.\driver_tmp_0.dat -E1 \
  -ver=XC8 Compiler --acfsm=1493 -ACODE=00h-07FFFh -ACONST=00h-07FFFh \
  -ASMALLCONST=0600h-06FFhx122 -AMEDIUMCONST=0600h-07FFFh -ACOMRAM=01h-05Fh \
  -AABS1=00h-05FFh -ABIGRAM=01h-05FFh -ARAM=060h-0FFh,0100h-01FFhx5 \
  -ABANK0=060h-0FFh -ABANK1=0100h-01FFh -ABANK2=0200h-02FFh \
  -ABANK3=0300h-03FFh -ABANK4=0400h-04FFh -ABANK5=0500h-05FFh \
  -ASFR=0F38h-0F5Fh,0F60h-0FFFh -ABIGSFR=0F38h-0FFFh \
  -ACONFIG=0300000h-030000Dh -AIDLOC=0200000h-0200007h \
  -AEEDATA=0F00000h-0F000FFh -peeprom_data=EEDATA \
  -preset_vec=00h,intcode=08h,intcodelo=018h,powerup,init -pramtop=0600h \
  -psmallconst=SMALLCONST -pmediumconst=MEDIUMCONST -pconst=CONST \
  -AFARRAM=00h-00h \
  -prdata=COMRAM,nvrram=COMRAM,nvbit=COMRAM,rbss=COMRAM,rbit=COMRAM \
  -pfarbss=FARRAM,fardata=FARRAM,nvFARRAM=FARRAM \
  -pintsave_regs=BIGRAM,bigbss=BIGRAM,bigdata=BIGRAM -pbss=RAM \
  -pidata=CODE,irdata=CODE,ibigdata=CODE,ifardata=CODE -prparam=COMRAM \
  C:\Users\sam09\AppData\Local\Temp\xcAs2f4.\driver_tmp_9.o \
  dist/default/debug\canwin.X.debug.o 

Object code version is 3.11

Machine type is 18F45K22



                Name                               Link     Load   Length Selector   Space Scale
C:\Users\sam09\AppData\Local\Temp\xcAs2f4.\driver_tmp_9.o
                idloc                            200000   200000        8        0       5
                config                           300000   300000        E        0       4
                init                                 A4       A4        4        C       0
                reset_vec                             0        0        4        0       0
dist/default/debug\canwin.X.debug.o
                intcodelo                            18       18       8C        C       0
                intcode                               8        8        6        4       0
                idloc                            200000   200000        8        0       5
                config                           300000   300000        E        0       4
                temp                                 40       40        1        1       1
                smallconst                          600      600        2      300       0
                intcode_body                        FB2      FB2       2E      301       0
                text13                              F1E      F1E       4E      301       0
                text12                             1006     1006       18      301       0
                text11                             1048     1048        2      301       0
                text10                              602      602      39A      301       0
                text9                               ACE      ACE      106      301       0
                text8                               D60      D60       C4      301       0
                text7                               FE0      FE0       26      301       0
                text6                               E24      E24       94      301       0
                text5                               C9A      C9A       C6      301       0
                text4                               BD4      BD4       C6      301       0
                text3                               EB8      EB8       66      301       0
                text2                              1034     1034       14      301       0
                text1                               F6C      F6C       46      301       0
                text0                               99C      99C      132      301       0
                cstackCOMRAM                          1        1       37        1       1
                bssCOMRAM                            38       38        8        1       1
                cinit                              101E     101E       16      301       0

TOTAL           Name                               Link     Load   Length     Space
        CLASS   CODE           
                intcodelo                            18       18       8C         0
                intcode                               8        8        6         0
                init                                 A4       A4        4         0
                reset_vec                             0        0        4         0
                intcode_body                        FB2      FB2       2E         0
                text13                              F1E      F1E       4E         0
                text12                             1006     1006       18         0
                text11                             1048     1048        2         0
                text10                              602      602      39A         0
                text9                               ACE      ACE      106         0
                text8                               D60      D60       C4         0
                text7                               FE0      FE0       26         0
                text6                               E24      E24       94         0
                text5                               C9A      C9A       C6         0
                text4                               BD4      BD4       C6         0
                text3                               EB8      EB8       66         0
                text2                              1034     1034       14         0
                text1                               F6C      F6C       46         0
                text0                               99C      99C      132         0
                cinit                              101E     101E       16         0

        CLASS   CONST          

        CLASS   SMALLCONST     
                smallconst                          600      600        2         0

        CLASS   MEDIUMCONST    

        CLASS   COMRAM         
                temp                                 40       40        1         1
                cstackCOMRAM                          1        1       37         1
                bssCOMRAM                            38       38        8         1

        CLASS   ABS1           

        CLASS   BIGRAM         

        CLASS   RAM            

        CLASS   BANK0          

        CLASS   BANK1          

        CLASS   BANK2          

        CLASS   BANK3          

        CLASS   BANK4          

        CLASS   BANK5          

        CLASS   SFR            

        CLASS   BIGSFR         

        CLASS   CONFIG         
                config                           300000   300000        E         4

        CLASS   IDLOC          
                idloc                            200000   200000        8         5

        CLASS   EEDATA         

        CLASS   FARRAM         

        CLASS   HEAP           

        CLASS   STACK          



SEGMENTS        Name                           Load    Length   Top    Selector   Space  Class

                reset_vec                      000000  000004  000004         0       0  CODE    
                cstackCOMRAM                   000001  000040  000041         1       1  COMRAM  
                intcode                        000008  000006  00000E         4       0  CODE    
                intcodelo                      000018  000090  0000A8         C       0  CODE    
                smallconst                     000600  000002  000602       300       0  SMALLCON
                text10                         000602  000A48  00104A       301       0  CODE    


UNUSED ADDRESS RANGES

        Name                Unused          Largest block    Delta
        BANK0            000060-0000FF               A0
        BANK1            000100-0001FF              100
        BANK2            000200-0002FF              100
        BANK3            000300-0003FF              100
        BANK4            000400-0004FF              100
        BANK5            000500-0005FF              100
        BIGRAM           000041-0005FF              5BF
        BIGSFR           000F38-000FFF               C8
        CODE             000004-000007                4
                         00000E-000017                A
                         0000A8-0005FF              558
                         00104A-007FFF             6FB6
        COMRAM           000041-00005F               1F
        CONST            000004-000007                4
                         00000E-000017                A
                         0000A8-0005FF              558
                         00104A-007FFF             6FB6
        EEDATA           F00000-F000FF              100
        MEDIUMCONST      00104A-007FFF             6FB6
        RAM              000060-0005FF              100
        SFR              000F38-000FFF               28
        SMALLCONST       00104A-007FFF              100

                                  Symbol Table

?___awdiv                  cstackCOMRAM 000005
?___fldiv                  cstackCOMRAM 000005
?___fltol                  cstackCOMRAM 000005
?___wmul                   cstackCOMRAM 000005
?_intToBinary              cstackCOMRAM 00000F
LowISR@RX_TEMP             cstackCOMRAM 000004
_ANSC2                     (abs)        0079D2
_ANSELB                    (abs)        000F39
_ANSELC                    (abs)        000F3A
_ANSELCbits                (abs)        000F3A
_ANSELD                    (abs)        000F3B
_BAUDCON1                  (abs)        000FB8
_CCP1CON                   (abs)        000FBD
_CCPR1L                    (abs)        000FBE
_FLAGbits@ur$F442          bssCOMRAM    00003D
_FLAGbits@ur$F90           bssCOMRAM    00003F
_HighISR                   intcode      000008
_INTCONbits                (abs)        000FF2
_IPR1bits                  (abs)        000F9F
_Init_TMR1                 text2        001034
_LATD                      (abs)        000F8C
_LowISR                    intcodelo    000018
_PIE1bits                  (abs)        000F9D
_PIR1bits                  (abs)        000F9E
_PIR2bits                  (abs)        000FA1
_PR2                       (abs)        000FBB
_RCONbits                  (abs)        000FD0
_RCREG1                    (abs)        000FAE
_RCSTA1                    (abs)        000FAB
_SPBRG1                    (abs)        000FAF
_SPBRGH1                   (abs)        000FB0
_T1CON                     (abs)        000FCD
_T2CON                     (abs)        000FBA
_TMR1H                     (abs)        000FCF
_TMR1L                     (abs)        000FCE
_TRISB                     (abs)        000F93
_TRISC                     (abs)        000F94
_TRISCbits                 (abs)        000F94
_TRISD                     (abs)        000F95
_TXREG1                    (abs)        000FAD
_TXSTA1                    (abs)        000FAC
__HRAM                     (abs)        000000
__H__absolute__            __absolute__ 000000
__Habs1                    abs1         000000
__Hbank0                   bank0        000000
__Hbank1                   bank1        000000
__Hbank2                   bank2        000000
__Hbank3                   bank3        000000
__Hbank4                   bank4        000000
__Hbank5                   bank5        000000
__Hbigbss                  bigbss       000000
__Hbigdata                 bigdata      000000
__Hbigram                  bigram       000000
__Hbigsfr                  bigsfr       000000
__Hbss                     bss          000000
__HbssCOMRAM               bssCOMRAM    000000
__Hcinit                   cinit        000000
__Hclrtext                 clrtext      000000
__Hcomram                  comram       000000
__Hconfig                  config       30000E
__Hconst                   const        000000
__HcstackCOMRAM            cstackCOMRAM 000000
__Hdata                    data         000000
__Heeprom_data             eeprom_data  000000
__Hfarbss                  farbss       000000
__Hfardata                 fardata      000000
__Hheap                    heap         000000
__Hibigdata                ibigdata     000000
__Hidata                   idata        000000
__Hidloc                   idloc        200008
__Hifardata                ifardata     000000
__Hinit                    init         0000A8
__Hintcode                 intcode      00000E
__Hintcode_body            intcode_body 000000
__Hintcodelo               intcodelo    0000A4
__Hintentry                intentry     000000
__Hintret                  intret       000000
__Hintsave_regs            intsave_regs 000000
__Hirdata                  irdata       000000
__Hmediumconst             mediumconst  000000
__HnvFARRAM                nvFARRAM     000000
__Hnvbit                   nvbit        000000
__Hnvrram                  nvrram       000000
__Hparam                   rparam       000000
__Hpowerup                 powerup      0000A4
__Hram                     ram          000000
__Hramtop                  ramtop       000600
__Hrbit                    rbit         000000
__Hrbss                    rbss         000000
__Hrdata                   rdata        000000
__Hreset_vec               reset_vec    000004
__Hrparam                  rparam       000000
__Hsfr                     sfr          000000
__Hsmallconst              smallconst   000602
__Hspace_0                 (abs)        00104A
__Hspace_1                 (abs)        000041
__Hspace_2                 (abs)        000000
__Hspace_4                 (abs)        60000E
__Hstack                   stack        000000
__Hstruct                  struct       000000
__Htemp                    temp         000041
__Htext                    text         000000
__Htext0                   text0        000000
__Htext1                   text1        000000
__Htext10                  text10       000000
__Htext11                  text11       000000
__Htext12                  text12       000000
__Htext13                  text13       000000
__Htext2                   text2        000000
__Htext3                   text3        000000
__Htext4                   text4        000000
__Htext5                   text5        000000
__Htext6                   text6        000000
__Htext7                   text7        000000
__Htext8                   text8        000000
__Htext9                   text9        000000
__LRAM                     (abs)        000001
__L__absolute__            __absolute__ 000000
__Labs1                    abs1         000000
__Lbank0                   bank0        000000
__Lbank1                   bank1        000000
__Lbank2                   bank2        000000
__Lbank3                   bank3        000000
__Lbank4                   bank4        000000
__Lbank5                   bank5        000000
__Lbigbss                  bigbss       000000
__Lbigdata                 bigdata      000000
__Lbigram                  bigram       000000
__Lbigsfr                  bigsfr       000000
__Lbss                     bss          000000
__LbssCOMRAM               bssCOMRAM    000000
__Lcinit                   cinit        000000
__Lclrtext                 clrtext      000000
__Lcomram                  comram       000000
__Lconfig                  config       000000
__Lconst                   const        000000
__LcstackCOMRAM            cstackCOMRAM 000000
__Ldata                    data         000000
__Leeprom_data             eeprom_data  000000
__Lfarbss                  farbss       000000
__Lfardata                 fardata      000000
__Lheap                    heap         000000
__Libigdata                ibigdata     000000
__Lidata                   idata        000000
__Lidloc                   idloc        000000
__Lifardata                ifardata     000000
__Linit                    init         0000A4
__Lintcode                 intcode      000008
__Lintcode_body            intcode_body 000000
__Lintcodelo               intcodelo    000018
__Lintentry                intentry     000000
__Lintret                  intret       000000
__Lintsave_regs            intsave_regs 000000
__Lirdata                  irdata       000000
__Lmediumconst             mediumconst  000000
__LnvFARRAM                nvFARRAM     000000
__Lnvbit                   nvbit        000000
__Lnvrram                  nvrram       000000
__Lparam                   rparam       000000
__Lpowerup                 powerup      0000A4
__Lram                     ram          000000
__Lramtop                  ramtop       000600
__Lrbit                    rbit         000000
__Lrbss                    rbss         000000
__Lrdata                   rdata        000000
__Lreset_vec               reset_vec    000000
__Lrparam                  rparam       000000
__Lsfr                     sfr          000000
__Lsmallconst              smallconst   000600
__Lspace_0                 (abs)        000000
__Lspace_1                 (abs)        000000
__Lspace_2                 (abs)        000000
__Lspace_4                 (abs)        000000
__Lstack                   stack        000000
__Lstruct                  struct       000000
__Ltemp                    temp         000040
__Ltext                    text         000000
__Ltext0                   text0        000000
__Ltext1                   text1        000000
__Ltext10                  text10       000000
__Ltext11                  text11       000000
__Ltext12                  text12       000000
__Ltext13                  text13       000000
__Ltext2                   text2        000000
__Ltext3                   text3        000000
__Ltext4                   text4        000000
__Ltext5                   text5        000000
__Ltext6                   text6        000000
__Ltext7                   text7        000000
__Ltext8                   text8        000000
__Ltext9                   text9        000000
__S0                       (abs)        00104A
__S1                       (abs)        000041
__S4                       (abs)        000000
__S5                       (abs)        000000
___awdiv                   text8        000D60
___awdiv@counter           cstackCOMRAM 000009
___awdiv@dividend          cstackCOMRAM 000005
___awdiv@divisor           cstackCOMRAM 000007
___awdiv@quotient          cstackCOMRAM 00000B
___awdiv@sign              cstackCOMRAM 00000A
___fldiv                   text10       000602
___fldiv@a                 cstackCOMRAM 000009
___fldiv@aexp              cstackCOMRAM 00001D
___fldiv@b                 cstackCOMRAM 000005
___fldiv@bexp              cstackCOMRAM 00001C
___fldiv@grs               cstackCOMRAM 000018
___fldiv@new_exp           cstackCOMRAM 000016
___fldiv@rem               cstackCOMRAM 000011
___fldiv@sign              cstackCOMRAM 000015
___fltol                   text9        000ACE
___fltol@exp1              cstackCOMRAM 00000E
___fltol@f1                cstackCOMRAM 000005
___fltol@sign1             cstackCOMRAM 00000D
___heap_hi                 (abs)        000000
___heap_lo                 (abs)        000000
___inthi_sp                stack        000000
___inthi_stack_hi          stack        000000
___inthi_stack_lo          stack        000000
___intlo_sp                stack        000000
___intlo_stack_hi          stack        000000
___intlo_stack_lo          stack        000000
___param_bank              (abs)        000000
___rparam_used             (abs)        000001
___sp                      stack        000000
___stack_hi                stack        000000
___stack_lo                stack        000000
___wmul                    text7        000FE0
___wmul@multiplicand       cstackCOMRAM 000007
___wmul@multiplier         cstackCOMRAM 000005
___wmul@product            cstackCOMRAM 000009
__accesstop                (abs)        000060
__activetblptr             (abs)        000000
__end_of_HighISR           intcode_body 000FE0
__end_of_Init_TMR1         text2        001048
__end_of_LowISR            intcodelo    0000A4
__end_of___awdiv           text8        000E24
__end_of___fldiv           text10       00099C
__end_of___fltol           text9        000BD4
__end_of___wmul            text7        001006
__end_of__initialization   cinit        00102A
__end_of_delay_ms          text13       000F6C
__end_of_init_main         text12       00101E
__end_of_intToBinary       text6        000EB8
__end_of_main              text0        000ACE
__end_of_math_duty_cycle   text5        000D60
__end_of_math_period       text4        000C9A
__end_of_myFunction        text11       00104A
__end_of_pwm_init          text3        000F1E
__end_of_ur_main           text1        000FB2
__initialization           cinit        00101E
__mediumconst              mediumconst  000000
__pbssCOMRAM               bssCOMRAM    000038
__pcinit                   cinit        00101E
__pcstackCOMRAM            cstackCOMRAM 000001
__pintcode                 intcode      000008
__pintcode_body            intcode_body 000FB2
__pintcodelo               intcodelo    000018
__psmallconst              smallconst   000600
__ptext0                   text0        00099C
__ptext1                   text1        000F6C
__ptext10                  text10       000602
__ptext11                  text11       001048
__ptext12                  text12       001006
__ptext13                  text13       000F1E
__ptext2                   text2        001034
__ptext3                   text3        000EB8
__ptext4                   text4        000BD4
__ptext5                   text5        000C9A
__ptext6                   text6        000E24
__ptext7                   text7        000FE0
__ptext8                   text8        000D60
__ptext9                   text9        000ACE
__ramtop                   ramtop       000600
__smallconst               smallconst   000600
_delay_ms                  text13       000F1E
_init_main                 text12       001006
_intToBinary               text6        000E24
_main                      text0        00099C
_math_duty_cycle           text5        000C9A
_math_period               text4        000BD4
_math_period$1153          cstackCOMRAM 00002A
_myFunction                text11       001048
_pwm_init                  text3        000EB8
_test                      bssCOMRAM    00003A
_ur_main                   text1        000F6C
btemp                      temp         000040
delay_ms@A                 cstackCOMRAM 000005
delay_ms@i                 cstackCOMRAM 00000A
end_of_initialization      cinit        00102A
int$flags                  temp         000040
intToBinary@base           cstackCOMRAM 000015
intToBinary@binary         cstackCOMRAM 000013
intToBinary@num            cstackCOMRAM 00000F
intToBinary@remainder      cstackCOMRAM 000011
int_func                   intcode_body 000FB2
intlevel0                  text         000000
intlevel1                  text         000000
intlevel2                  text         000000
intlevel3                  text         000000
isa$std                    (abs)        000001
isa$xinst                  (abs)        000000
math_duty_cycle@duty_cycle cstackCOMRAM 00001E
math_duty_cycle@x          cstackCOMRAM 000026
math_duty_cycle@y          cstackCOMRAM 000022
math_period@period         cstackCOMRAM 00001E
math_period@x              cstackCOMRAM 000022
math_period@y              cstackCOMRAM 000026
pwm_init@duty_cycle        cstackCOMRAM 00002E
pwm_init@period            cstackCOMRAM 000032
stackhi                    (abs)        000000
stacklo                    (abs)        000000
start                      init         0000A4
start_initialization       cinit        00101E
ttemp5                     temp         000041
ttemp6                     temp         000044
ttemp7                     temp         000048
wtemp8                     temp         000041


MODULE INFORMATION

Module		Function		Class		Link	Load	Size
C:\Program Files\Microchip\xc8\v2.45\pic\sources\c99\common\Umul16.c
		___wmul        		CODE           	0FE0	0000	38

C:\Program Files\Microchip\xc8\v2.45\pic\sources\c99\common\Umul16.c estimated size: 38

mod.c
		_myFunction    		CODE           	1048	0000	2

mod.c estimated size: 2

mods/ur/ur.c
		_ur_main       		CODE           	0F6C	0000	70
		_Init_TMR1     		CODE           	1034	0000	20

mods/ur/ur.c estimated size: 90

win.c
		_LowISR        		CODE           	0018	0000	140
		_main          		CODE           	099C	0000	306
		_HighISR       		CODE           	0008	0000	52

win.c estimated size: 498

mods/init/init.c
		_init_main     		CODE           	1006	0000	24

mods/init/init.c estimated size: 24

C:\Program Files\Microchip\xc8\v2.45\pic\sources\c99\common\sprcdiv.c
		___fldiv       		CODE           	0602	0000	922

C:\Program Files\Microchip\xc8\v2.45\pic\sources\c99\common\sprcdiv.c estimated size: 922

shared
		__initialization		CODE           	101E	0000	12

shared estimated size: 12

mods/pwm/pwm.c
		_math_duty_cycle		CODE           	0C9A	0000	198
		_math_period   		CODE           	0BD4	0000	198
		_delay_ms      		CODE           	0F1E	0000	78
		_pwm_init      		CODE           	0EB8	0000	102
		_intToBinary   		CODE           	0E24	0000	148

mods/pwm/pwm.c estimated size: 724

C:\Program Files\Microchip\xc8\v2.45\pic\sources\c99\common\awdiv.c
		___awdiv       		CODE           	0D60	0000	196

C:\Program Files\Microchip\xc8\v2.45\pic\sources\c99\common\awdiv.c estimated size: 196

C:\Program Files\Microchip\xc8\v2.45\pic\sources\c99\common\fltol.c
		___fltol       		CODE           	0ACE	0000	262

C:\Program Files\Microchip\xc8\v2.45\pic\sources\c99\common\fltol.c estimated size: 262

